
╭─────────────────────────────────────────────────────────────────╮
│  ⊗ BLOCKED TASKS                                               │
╰─────────────────────────────────────────────────────────────────╯

  T004 ⊗ Write documentation
      → Depends on: T002, T003 (chain: T003)

  T005 ⊗ Fix login bug
      Blocked by: Waiting for T003 to complete

─────────────────────────────────────────────────────────────────
Total: 2 blocked tasks
