[EXPORT] Format: todowrite, Status: pending,active, Found: 3 tasks
{
  "todos": [
    {
      "content": "Add authentication",
      "activeForm": "Adding authentication",
      "status": "in_progress"
    },
    {
      "content": "Write documentation",
      "activeForm": "Writing documentation",
      "status": "pending"
    },
    {
      "content": "Performance optimization",
      "activeForm": "Performancing optimization",
      "status": "pending"
    }
  ]
}
