{
  "_meta": {
    "format": "json",
    "version": "0.15.0",
    "command": "labels",
    "timestamp": "TIMESTAMP"
  },
  "totalLabels": 8,
  "labels": [
    {
      "label": "feature",
      "count": 2,
      "taskIds": [
        "T002",
        "T003"
      ],
      "byStatus": {
        "active": 1,
        "done": 1
      },
      "byPriority": {
        "critical": 1,
        "high": 1
      }
    },
    {
      "label": "security",
      "count": 2,
      "taskIds": [
        "T003",
        "T005"
      ],
      "byStatus": {
        "active": 1,
        "blocked": 1
      },
      "byPriority": {
        "high": 2
      }
    },
    {
      "label": "bug",
      "count": 1,
      "taskIds": [
        "T005"
      ],
      "byStatus": {
        "blocked": 1
      },
      "byPriority": {
        "high": 1
      }
    },
    {
      "label": "core",
      "count": 1,
      "taskIds": [
        "T002"
      ],
      "byStatus": {
        "done": 1
      },
      "byPriority": {
        "critical": 1
      }
    },
    {
      "label": "docs",
      "count": 1,
      "taskIds": [
        "T004"
      ],
      "byStatus": {
        "pending": 1
      },
      "byPriority": {
        "medium": 1
      }
    },
    {
      "label": "infrastructure",
      "count": 1,
      "taskIds": [
        "T001"
      ],
      "byStatus": {
        "done": 1
      },
      "byPriority": {
        "high": 1
      }
    },
    {
      "label": "performance",
      "count": 1,
      "taskIds": [
        "T006"
      ],
      "byStatus": {
        "pending": 1
      },
      "byPriority": {
        "low": 1
      }
    },
    {
      "label": "setup",
      "count": 1,
      "taskIds": [
        "T001"
      ],
      "byStatus": {
        "done": 1
      },
      "byPriority": {
        "high": 1
      }
    }
  ]
}
