
Labels (8 unique)

  feature         ███████████████   2 tasks  1 critical  1 high
  security        ███████████████   2 tasks  2 high
  bug             ███████   1 tasks  1 high
  core            ███████   1 tasks  1 critical
  docs            ███████   1 tasks
  infrastructure  ███████   1 tasks  1 high
  performance     ███████   1 tasks
  setup           ███████   1 tasks  1 high
