
╭─────────────────────────────────────────────────────────────────╮
│  📋 TASKS                                                       │
├─────────────────────────────────────────────────────────────────┤
│  🔴 1 critical  🟡 3 high  🔵 1 medium  ⚪ 1 low          │
│  ○ 2 pending  ◉ 1 active  ⊗ 1 blocked  ✓ 2 done          │
╰─────────────────────────────────────────────────────────────────╯

🔴 CRITICAL (1)
─────────────────────────────────────────────────────────────────
  T002 ✓ done
      Implement core feature A
      # feature, core
      → Depends: T001

🟡 HIGH (3)
─────────────────────────────────────────────────────────────────
  T001 ✓ done
      Setup project structure
      # setup, infrastructure
  T003 ◉ active
      Add authentication
      # feature, security
      → Depends: T001
  T005 ⊗ blocked
      Fix login bug
      # bug, security
      ⊗ Blocked by: Waiting for T003 to complete

🔵 MEDIUM (1)
─────────────────────────────────────────────────────────────────
  T004 ○ pending
      Write documentation
      # docs
      → Depends: T002, T003

⚪ LOW (1)
─────────────────────────────────────────────────────────────────
  T006 ○ pending
      Performance optimization
      # performance

─────────────────────────────────────────────────────────────────
Total: 6 tasks
