
╭─────────────────────────────────────────────────────────────────╮
│  📋 TASKS                                                       │
├─────────────────────────────────────────────────────────────────┤
│  🔴 0 critical  🟡 0 high  🔵 1 medium  ⚪ 1 low          │
│  ○ 2 pending  ◉ 0 active  ⊗ 0 blocked  ✓ 0 done          │
╰─────────────────────────────────────────────────────────────────╯
Filters: 
status=pending 

🔵 MEDIUM (1)
─────────────────────────────────────────────────────────────────
  T004 ○ pending
      Write documentation
      # docs
      → Depends: T002, T003

⚪ LOW (1)
─────────────────────────────────────────────────────────────────
  T006 ○ pending
      Performance optimization
      # performance

─────────────────────────────────────────────────────────────────
Total: 2 tasks
