PHASE STATISTICS
════════════════════════════════════════════════════════════

Setup & Foundation (setup)
  ██████████████████████████████ 100%
  Done: 1 | Pending: 0 | Active: 0 | Blocked: 0
  Priority: 0 critical | 1 high | 0 medium | 0 low

Core Development (core)
  █████████░░░░░░░░░░░░░░░░░░░░░ 33%
  Done: 1 | Pending: 0 | Active: 1 | Blocked: 1
  Priority: 1 critical | 2 high | 0 medium | 0 low

Testing & Validation (testing)
  ░░░░░░░░░░░░░░░░░░░░░░░░░░░░░░ 0%
  Done: 0 | Pending: 0 | Active: 0 | Blocked: 0
  Priority: 0 critical | 0 high | 0 medium | 0 low

Polish & Refinement (polish)
  ░░░░░░░░░░░░░░░░░░░░░░░░░░░░░░ 0%
  Done: 0 | Pending: 2 | Active: 0 | Blocked: 0
  Priority: 0 critical | 0 high | 1 medium | 1 low

Maintenance (maintenance)
  ░░░░░░░░░░░░░░░░░░░░░░░░░░░░░░ 0%
  Done: 0 | Pending: 0 | Active: 0 | Blocked: 0
  Priority: 0 critical | 0 high | 0 medium | 0 low

════════════════════════════════════════════════════════════
OVERALL SUMMARY
  Total Phases: 5
  Total Tasks: 6
  Completed: 2 (33%)
  Active: 1
  Blocked: 1
