{
  "currentPhase": "core",
  "phases": [
    {
      "slug": "setup",
      "name": "Setup & Foundation",
      "description": "Initial setup tasks",
      "order": 1,
      "status": "completed",
      "total": 1,
      "done": 1,
      "pending": 0,
      "active": 0,
      "blocked": 0,
      "percent": 100
    },
    {
      "slug": "core",
      "name": "Core Development",
      "description": "Core functionality",
      "order": 2,
      "status": "active",
      "total": 3,
      "done": 1,
      "pending": 0,
      "active": 1,
      "blocked": 1,
      "percent": 33
    },
    {
      "slug": "testing",
      "name": "Testing & Validation",
      "description": "Testing and validation",
      "order": 3,
      "status": "pending",
      "total": 0,
      "done": 0,
      "pending": 0,
      "active": 0,
      "blocked": 0,
      "percent": 0
    },
    {
      "slug": "polish",
      "name": "Polish & Refinement",
      "description": "Final polish",
      "order": 4,
      "status": "pending",
      "total": 2,
      "done": 0,
      "pending": 2,
      "active": 0,
      "blocked": 0,
      "percent": 0
    },
    {
      "slug": "maintenance",
      "name": "Maintenance",
      "description": "Bug fixes and support",
      "order": 5,
      "status": "pending",
      "total": 0,
      "done": 0,
      "pending": 0,
      "active": 0,
      "blocked": 0,
      "percent": 0
    }
  ],
  "summary": {
    "totalPhases": 5,
    "totalTasks": 6,
    "completedTasks": 2
  }
}
